../Core/Src/Chart.c:145:15:rtGetNaN	32	static
../Core/Src/Chart.c:169:17:rtGetNaNF	16	static
../Core/Src/Chart.c:181:13:rt_InitInfAndNaN	16	static
../Core/Src/Chart.c:193:18:rtIsInf	16	static
../Core/Src/Chart.c:199:18:rtIsInfF	16	static
../Core/Src/Chart.c:205:18:rtIsNaN	32	static
../Core/Src/Chart.c:227:18:rtIsNaNF	24	static
../Core/Src/Chart.c:239:15:rtGetInf	32	static
../Core/Src/Chart.c:263:17:rtGetInfF	16	static
../Core/Src/Chart.c:274:15:rtGetMinusInf	32	static
../Core/Src/Chart.c:298:17:rtGetMinusInfF	16	static
../Core/Src/Chart.c:306:13:Chiusura	24	static
../Core/Src/Chart.c:487:13:Cancello	24	static
../Core/Src/Chart.c:645:15:mod	24	static
../Core/Src/Chart.c:667:13:Regolazione_Tempo_Lavoro	16	static
../Core/Src/Chart.c:684:13:Ostacolo	16	static
../Core/Src/Chart.c:762:13:Regolazione_Tempo_Chiusura	16	static
../Core/Src/Chart.c:779:6:Chart_step	16	static
../Core/Src/Chart.c:971:6:Chart_initialize	8	static
